
/home/runner/work/exp-best-first-search-au/exp-best-first-search-au/experiment/simulation/js/main.008755fb.js
  2:17297    warning  Empty block statement                                                                                              no-empty
  2:17771    warning  'jest' is not defined                                                                                              no-undef
  2:20211    warning  'process' is not defined                                                                                           no-undef
  2:20238    warning  'process' is not defined                                                                                           no-undef
  2:30335    warning  Expected a 'break' statement before 'case'                                                                         no-fallthrough
  2:30793    warning  'jest' is not defined                                                                                              no-undef
  2:31067    warning  'jest' is not defined                                                                                              no-undef
  2:31385    warning  Expected a 'break' statement before 'case'                                                                         no-fallthrough
  2:31460    warning  'e' is defined but never used                                                                                      no-unused-vars
  2:31462    warning  'n' is defined but never used                                                                                      no-unused-vars
  2:46236    warning  'e' is defined but never used                                                                                      no-unused-vars
  2:46238    warning  't' is defined but never used                                                                                      no-unused-vars
  2:46294    warning  'Jn' is a function                                                                                                 no-func-assign
  2:58469    warning  'jest' is not defined                                                                                              no-undef
  2:60275    warning  'd' is defined but never used                                                                                      no-unused-vars
  2:77976    warning  Unsafe usage of ThrowStatement                                                                                     no-unsafe-finally
  2:81487    warning  Unsafe usage of ThrowStatement                                                                                     no-unsafe-finally
  2:86000    warning  Unsafe usage of ThrowStatement                                                                                     no-unsafe-finally
  2:167260   warning  Unsafe usage of ThrowStatement                                                                                     no-unsafe-finally
  2:169317   warning  Unsafe usage of ThrowStatement                                                                                     no-unsafe-finally
  2:169695   warning  Unsafe usage of ThrowStatement                                                                                     no-unsafe-finally
  2:171416   warning  'p' is a function                                                                                                  no-func-assign
  2:172480   warning  Unsafe usage of ThrowStatement                                                                                     no-unsafe-finally
  2:187151   warning  'e' is defined but never used                                                                                      no-unused-vars
  2:188340   warning  'e' is defined but never used                                                                                      no-unused-vars
  2:188772   warning  'e' is defined but never used                                                                                      no-unused-vars
  2:188804   warning  'e' is defined but never used                                                                                      no-unused-vars
  2:189794   warning  'e' is defined but never used                                                                                      no-unused-vars
  2:190847   warning  'e' is defined but never used                                                                                      no-unused-vars
  2:201953   warning  'e' is defined but never used                                                                                      no-unused-vars
  2:202876   warning  'e' is defined but never used                                                                                      no-unused-vars
  2:206684   warning  'e' is defined but never used                                                                                      no-unused-vars
  2:214524   warning  'r' is defined but never used                                                                                      no-unused-vars
  2:224419   warning  'setImmediate' is not defined                                                                                      no-undef
  2:225335   warning  'n' is defined but never used                                                                                      no-unused-vars
  2:227616   warning  'n' is defined but never used                                                                                      no-unused-vars
  2:230220   warning  'e' is defined but never used                                                                                      no-unused-vars
  2:230244   warning  'e' is defined but never used                                                                                      no-unused-vars
  2:230246   warning  't' is defined but never used                                                                                      no-unused-vars
  2:230266   warning  'e' is defined but never used                                                                                      no-unused-vars
  2:230287   warning  'e' is defined but never used                                                                                      no-unused-vars
  2:232173   warning  'e' is defined but never used                                                                                      no-unused-vars
  2:232175   warning  't' is defined but never used                                                                                      no-unused-vars
  2:232257   warning  't' is defined but never used                                                                                      no-unused-vars
  2:238400   warning  't' is defined but never used                                                                                      no-unused-vars
  2:300672   warning  Expected a conditional expression and instead saw an assignment                                                    no-cond-assign
  2:304993   warning  'r' is defined but never used                                                                                      no-unused-vars
  2:322004   warning  Expected a conditional expression and instead saw an assignment                                                    no-cond-assign
  2:322325   warning  Expected a conditional expression and instead saw an assignment                                                    no-cond-assign
  2:364776   warning  Redundant double negation                                                                                          no-extra-boolean-cast
  2:365910   warning  'e' is defined but never used                                                                                      no-unused-vars
  2:365912   warning  't' is defined but never used                                                                                      no-unused-vars
  2:369388   warning  'e' is defined but never used                                                                                      no-unused-vars
  2:369390   warning  't' is defined but never used                                                                                      no-unused-vars
  2:370696   warning  'e' is defined but never used                                                                                      no-unused-vars
  2:370698   warning  't' is defined but never used                                                                                      no-unused-vars
  2:372435   warning  'e' is defined but never used                                                                                      no-unused-vars
  2:372437   warning  't' is defined but never used                                                                                      no-unused-vars
  2:372608   warning  'e' is defined but never used                                                                                      no-unused-vars
  2:372663   warning  'e' is defined but never used                                                                                      no-unused-vars
  2:372701   warning  'e' is defined but never used                                                                                      no-unused-vars
  2:376484   warning  't' is defined but never used                                                                                      no-unused-vars
  2:377005   warning  'o' is defined but never used                                                                                      no-unused-vars
  2:377391   warning  'n' is defined but never used                                                                                      no-unused-vars
  2:378647   warning  't' is defined but never used                                                                                      no-unused-vars
  2:379592   warning  't' is defined but never used                                                                                      no-unused-vars
  2:379938   warning  't' is defined but never used                                                                                      no-unused-vars
  2:381222   warning  Expected a conditional expression and instead saw an assignment                                                    no-cond-assign
  2:381662   warning  Expected a conditional expression and instead saw an assignment                                                    no-cond-assign
  2:382057   warning  'e' is defined but never used                                                                                      no-unused-vars
  2:382153   warning  'e' is defined but never used                                                                                      no-unused-vars
  2:382155   warning  't' is defined but never used                                                                                      no-unused-vars
  2:382526   warning  'e' is defined but never used                                                                                      no-unused-vars
  2:383754   warning  't' is defined but never used                                                                                      no-unused-vars
  2:384481   warning  'e' is defined but never used                                                                                      no-unused-vars
  2:384483   warning  't' is defined but never used                                                                                      no-unused-vars
  2:384720   warning  'r' is defined but never used                                                                                      no-unused-vars
  2:385070   warning  'e' is defined but never used                                                                                      no-unused-vars
  2:385072   warning  't' is defined but never used                                                                                      no-unused-vars
  2:385368   warning  'e' is defined but never used                                                                                      no-unused-vars
  2:385370   warning  't' is defined but never used                                                                                      no-unused-vars
  2:386826   warning  'e' is defined but never used                                                                                      no-unused-vars
  2:387091   warning  's' is defined but never used                                                                                      no-unused-vars
  2:387479   warning  'a' is defined but never used                                                                                      no-unused-vars
  2:387833   warning  'a' is defined but never used                                                                                      no-unused-vars
  2:388749   warning  'o' is defined but never used                                                                                      no-unused-vars
  2:388986   warning  'e' is defined but never used                                                                                      no-unused-vars
  2:389012   warning  'e' is defined but never used                                                                                      no-unused-vars
  2:394652   warning  'p' is already defined                                                                                             no-redeclare
  2:421558   warning  't' is defined but never used                                                                                      no-unused-vars
  2:421560   warning  'n' is defined but never used                                                                                      no-unused-vars
  2:421562   warning  'r' is defined but never used                                                                                      no-unused-vars
  2:421972   warning  Empty block statement                                                                                              no-empty
  2:424662   warning  't' is defined but never used                                                                                      no-unused-vars
  2:434072   warning  't' is defined but never used                                                                                      no-unused-vars
  2:443067   warning  't' is defined but never used                                                                                      no-unused-vars
  2:448589   warning  'a' is defined but never used                                                                                      no-unused-vars
  2:448622   warning  's' is defined but never used                                                                                      no-unused-vars
  2:455549   warning  Expected a conditional expression and instead saw an assignment                                                    no-cond-assign
  2:458889   warning  't' is defined but never used                                                                                      no-unused-vars
  2:459817   warning  Empty block statement                                                                                              no-empty
  2:470690   warning  't' is defined but never used                                                                                      no-unused-vars
  2:472020   warning  'n' is defined but never used                                                                                      no-unused-vars
  2:472022   warning  'r' is defined but never used                                                                                      no-unused-vars
  2:472430   warning  'n' is defined but never used                                                                                      no-unused-vars
  2:472432   warning  'r' is defined but never used                                                                                      no-unused-vars
  2:521365   warning  Unexpected constant condition                                                                                      no-constant-condition
  2:522426   warning  Empty block statement                                                                                              no-empty
  2:527196   warning  'L' is not defined                                                                                                 no-undef
  2:527199   warning  'L' is not defined                                                                                                 no-undef
  2:527255   warning  'L' is not defined                                                                                                 no-undef
  2:541274   warning  Expected to return a value in method 'get'                                                                         getter-return
  2:541418   warning  Empty block statement                                                                                              no-empty
  2:654634   warning  Empty block statement                                                                                              no-empty
  2:677222   warning  Empty block statement                                                                                              no-empty
  2:677761   warning  Empty block statement                                                                                              no-empty
  2:681526   warning  Empty block statement                                                                                              no-empty
  2:681552   warning  Empty block statement                                                                                              no-empty
  2:682441   warning  Expected a conditional expression and instead saw an assignment                                                    no-cond-assign
  2:695950   warning  Do not access Object.prototype method 'hasOwnProperty' from target object                                          no-prototype-builtins
  2:703364   warning  'o' is a function                                                                                                  no-func-assign
  2:712010   warning  Unexpected combined character in character class                                                                   no-misleading-character-class
  2:713899   warning  Unnecessary escape character: \-                                                                                   no-useless-escape
  2:713981   warning  Do not access Object.prototype method 'hasOwnProperty' from target object                                          no-prototype-builtins
  2:718519   warning  Expected a conditional expression and instead saw an assignment                                                    no-cond-assign
  2:719509   warning  Empty block statement                                                                                              no-empty
  2:720714   warning  Do not access Object.prototype method 'hasOwnProperty' from target object                                          no-prototype-builtins
  2:722174   warning  Do not access Object.prototype method 'hasOwnProperty' from target object                                          no-prototype-builtins
  2:722215   warning  Do not access Object.prototype method 'hasOwnProperty' from target object                                          no-prototype-builtins
  2:722380   warning  Do not access Object.prototype method 'hasOwnProperty' from target object                                          no-prototype-builtins
  2:722407   warning  Do not access Object.prototype method 'hasOwnProperty' from target object                                          no-prototype-builtins
  2:722995   warning  Do not access Object.prototype method 'hasOwnProperty' from target object                                          no-prototype-builtins
  2:724629   warning  'MSApp' is not defined                                                                                             no-undef
  2:724672   warning  'n' is defined but never used                                                                                      no-unused-vars
  2:724674   warning  'r' is defined but never used                                                                                      no-unused-vars
  2:724677   warning  'MSApp' is not defined                                                                                             no-undef
  2:725642   warning  Do not access Object.prototype method 'hasOwnProperty' from target object                                          no-prototype-builtins
  2:725735   warning  Do not access Object.prototype method 'hasOwnProperty' from target object                                          no-prototype-builtins
  2:726942   warning  Expected a conditional expression and instead saw an assignment                                                    no-cond-assign
  2:727964   warning  Expected to return a value in method 'get'                                                                         getter-return
  2:728101   warning  'r' is defined but never used                                                                                      no-unused-vars
  2:728103   warning  'i' is defined but never used                                                                                      no-unused-vars
  2:728105   warning  'o' is defined but never used                                                                                      no-unused-vars
  2:728107   warning  'a' is defined but never used                                                                                      no-unused-vars
  2:728109   warning  's' is defined but never used                                                                                      no-unused-vars
  2:728111   warning  'l' is defined but never used                                                                                      no-unused-vars
  2:728284   warning  'e' is defined but never used                                                                                      no-unused-vars
  2:728286   warning  't' is defined but never used                                                                                      no-unused-vars
  2:728288   warning  'n' is defined but never used                                                                                      no-unused-vars
  2:728290   warning  'r' is defined but never used                                                                                      no-unused-vars
  2:728292   warning  'i' is defined but never used                                                                                      no-unused-vars
  2:728294   warning  'o' is defined but never used                                                                                      no-unused-vars
  2:728296   warning  'a' is defined but never used                                                                                      no-unused-vars
  2:728298   warning  's' is defined but never used                                                                                      no-unused-vars
  2:728300   warning  'l' is defined but never used                                                                                      no-unused-vars
  2:737179   warning  Do not access Object.prototype method 'hasOwnProperty' from target object                                          no-prototype-builtins
  2:737499   warning  Invalid typeof comparison value                                                                                    valid-typeof
  2:737673   warning  Invalid typeof comparison value                                                                                    valid-typeof
  2:744477   warning  Expected a conditional expression and instead saw an assignment                                                    no-cond-assign
  2:745695   warning  Do not access Object.prototype method 'hasOwnProperty' from target object                                          no-prototype-builtins
  2:748195   warning  'e' is defined but never used                                                                                      no-unused-vars
  2:748197   warning  't' is defined but never used                                                                                      no-unused-vars
  2:748199   warning  'n' is defined but never used                                                                                      no-unused-vars
  2:748201   warning  'r' is defined but never used                                                                                      no-unused-vars
  2:748203   warning  'i' is defined but never used                                                                                      no-unused-vars
  2:748205   warning  'a' is defined but never used                                                                                      no-unused-vars
  2:748207   warning  's' is defined but never used                                                                                      no-unused-vars
  2:748209   warning  'l' is defined but never used                                                                                      no-unused-vars
  2:748211   warning  'u' is defined but never used                                                                                      no-unused-vars
  2:750152   warning  Expected a 'break' statement before 'case'                                                                         no-fallthrough
  2:750339   warning  Expected a 'break' statement before 'case'                                                                         no-fallthrough
  2:751450   warning  Expected a conditional expression and instead saw an assignment                                                    no-cond-assign
  2:751524   warning  Expected a conditional expression and instead saw an assignment                                                    no-cond-assign
  2:752877   warning  Expected a 'break' statement before 'case'                                                                         no-fallthrough
  2:754849   warning  Unexpected control character(s) in regular expression: \x00                                                        no-control-regex
  2:756455   warning  Expected a conditional expression and instead saw an assignment                                                    no-cond-assign
  2:756555   warning  Expected a conditional expression and instead saw an assignment                                                    no-cond-assign
  2:763954   warning  Expected a 'break' statement before 'case'                                                                         no-fallthrough
  2:765921   warning  Expected a conditional expression and instead saw an assignment                                                    no-cond-assign
  2:767372   warning  Expected a conditional expression and instead saw an assignment                                                    no-cond-assign
  2:773204   warning  Expected a conditional expression and instead saw an assignment                                                    no-cond-assign
  2:779815   warning  Empty block statement                                                                                              no-empty
  2:787002   warning  Expected a conditional expression and instead saw an assignment                                                    no-cond-assign
  2:788132   warning  Expected a conditional expression and instead saw an assignment                                                    no-cond-assign
  2:790886   warning  Expected a conditional expression and instead saw an assignment                                                    no-cond-assign
  2:796491   warning  Do not access Object.prototype method 'hasOwnProperty' from target object                                          no-prototype-builtins
  2:796771   warning  Do not access Object.prototype method 'hasOwnProperty' from target object                                          no-prototype-builtins
  2:797216   warning  Unnecessary escape character: \/                                                                                   no-useless-escape
  2:798078   warning  Do not access Object.prototype method 'hasOwnProperty' from target object                                          no-prototype-builtins
  2:798386   warning  Do not access Object.prototype method 'hasOwnProperty' from target object                                          no-prototype-builtins
  2:803355   warning  Do not access Object.prototype method 'hasOwnProperty' from target object                                          no-prototype-builtins
  2:803376   warning  Do not access Object.prototype method 'hasOwnProperty' from target object                                          no-prototype-builtins
  2:803446   warning  Do not access Object.prototype method 'hasOwnProperty' from target object                                          no-prototype-builtins
  2:803626   warning  Do not access Object.prototype method 'hasOwnProperty' from target object                                          no-prototype-builtins
  2:803728   warning  Do not access Object.prototype method 'hasOwnProperty' from target object                                          no-prototype-builtins
  2:803808   warning  Do not access Object.prototype method 'hasOwnProperty' from target object                                          no-prototype-builtins
  2:803832   warning  Do not access Object.prototype method 'hasOwnProperty' from target object                                          no-prototype-builtins
  2:803884   warning  Do not access Object.prototype method 'hasOwnProperty' from target object                                          no-prototype-builtins
  2:804239   warning  Do not access Object.prototype method 'hasOwnProperty' from target object                                          no-prototype-builtins
  2:806646   warning  Empty block statement                                                                                              no-empty
  2:806681   warning  Expected a 'break' statement before 'case'                                                                         no-fallthrough
  2:810753   warning  Do not access Object.prototype method 'hasOwnProperty' from target object                                          no-prototype-builtins
  2:811280   warning  Expected a 'break' statement before 'case'                                                                         no-fallthrough
  2:823786   warning  Empty block statement                                                                                              no-empty
  2:825488   warning  Empty block statement                                                                                              no-empty
  2:836137   warning  Expected a conditional expression and instead saw an assignment                                                    no-cond-assign
  2:837882   warning  'Pe' is a function                                                                                                 no-func-assign
  2:837888   warning  'Oe' is a function                                                                                                 no-func-assign
  2:838835   warning  '__REACT_DEVTOOLS_GLOBAL_HOOK__' is not defined                                                                    no-undef
  2:838938   warning  Empty block statement                                                                                              no-empty
  2:841155   warning  '__REACT_DEVTOOLS_GLOBAL_HOOK__' is not defined                                                                    no-undef
  2:841199   warning  '__REACT_DEVTOOLS_GLOBAL_HOOK__' is not defined                                                                    no-undef
  2:841305   warning  'e' is defined but never used                                                                                      no-unused-vars
  2:841307   warning  't' is defined but never used                                                                                      no-unused-vars
  2:841737   warning  'm' is assigned a value but never used                                                                             no-unused-vars
  2:841778   warning  'g' is defined but never used                                                                                      no-unused-vars
  2:842031   warning  'n' is assigned a value but never used                                                                             no-unused-vars
  2:842516   warning  Do not access Object.prototype method 'hasOwnProperty' from target object                                          no-prototype-builtins
  2:844175   warning  Do not access Object.prototype method 'hasOwnProperty' from target object                                          no-prototype-builtins
  2:847203   warning  Do not access Object.prototype method 'hasOwnProperty' from target object                                          no-prototype-builtins
  2:850190   warning  'setImmediate' is not defined                                                                                      no-undef
  2:854032   warning  't' is defined but never used                                                                                      no-unused-vars
  2:854034   warning  'n' is defined but never used                                                                                      no-unused-vars
  2:854036   warning  'a' is defined but never used                                                                                      no-unused-vars
  2:854061   warning  'o' is a function                                                                                                  no-func-assign
  2:854152   warning  'o' is a function                                                                                                  no-func-assign
  2:855459   warning  Unsafe usage of ThrowStatement                                                                                     no-unsafe-finally
  2:856082   warning  't' is a function                                                                                                  no-func-assign
  2:857759   warning  Unsafe usage of ReturnStatement                                                                                    no-unsafe-finally
  2:857779   warning  Unsafe usage of ThrowStatement                                                                                     no-unsafe-finally
  2:859368   warning  't' is a function                                                                                                  no-func-assign
  2:860524   warning  't' is a function                                                                                                  no-func-assign
  2:861375   warning  's' is a function                                                                                                  no-func-assign
  2:861965   warning  'a' is a function                                                                                                  no-func-assign
  2:864355   warning  Unsafe usage of ThrowStatement                                                                                     no-unsafe-finally
  2:865867   warning  'i' is a function                                                                                                  no-func-assign
  2:866258   warning  'c' is a function                                                                                                  no-func-assign
  2:872943   warning  Unsafe usage of ReturnStatement                                                                                    no-unsafe-finally
  2:872963   warning  Unsafe usage of ThrowStatement                                                                                     no-unsafe-finally
  2:874129   warning  'r' is a function                                                                                                  no-func-assign
  2:878271   warning  Do not access Object.prototype method 'hasOwnProperty' from target object                                          no-prototype-builtins
  2:879386   warning  Do not access Object.prototype method 'propertyIsEnumerable' from target object                                    no-prototype-builtins
  2:882770   warning  Empty block statement                                                                                              no-empty
  2:883918   warning  Empty block statement                                                                                              no-empty
  2:886122   warning  Empty block statement                                                                                              no-empty
  2:887555   warning  'e' is defined but never used                                                                                      no-unused-vars
  2:889111   warning  'ActiveXObject' is not defined                                                                                     no-undef
  2:889145   warning  Empty block statement                                                                                              no-empty
  2:890595   warning  'e' is defined but never used                                                                                      no-unused-vars
  2:891095   warning  'ha.get' is assigned to itself                                                                                     no-self-assign
  2:891109   warning  'ha.has' is assigned to itself                                                                                     no-self-assign
  2:891123   warning  'ha.set' is assigned to itself                                                                                     no-self-assign
  2:896600   warning  'e' is defined but never used                                                                                      no-unused-vars
  2:896602   warning  't' is defined but never used                                                                                      no-unused-vars
  2:896604   warning  'n' is defined but never used                                                                                      no-unused-vars
  2:898241   warning  Empty block statement                                                                                              no-empty
  2:898504   warning  Empty block statement                                                                                              no-empty
  2:901051   warning  Empty block statement                                                                                              no-empty
  2:901225   warning  Empty block statement                                                                                              no-empty
  2:902280   warning  'Vc' is a function                                                                                                 no-func-assign
  2:904673   warning  'process' is not defined                                                                                           no-undef
  2:907377   warning  Empty block statement                                                                                              no-empty
  2:907518   warning  Empty block statement                                                                                              no-empty
  2:911876   warning  Unsafe usage of ReturnStatement                                                                                    no-unsafe-finally
  2:911896   warning  Unsafe usage of ThrowStatement                                                                                     no-unsafe-finally
  2:914267   warning  'this.length' is assigned to itself                                                                                no-self-assign
  2:916234   warning  't' is defined but never used                                                                                      no-unused-vars
  2:917164   warning  Empty block statement                                                                                              no-empty
  2:920356   warning  'e' is defined but never used                                                                                      no-unused-vars
  2:920358   warning  't' is defined but never used                                                                                      no-unused-vars
  2:920360   warning  'n' is defined but never used                                                                                      no-unused-vars
  2:920542   warning  'Bun' is not defined                                                                                               no-undef
  2:920564   warning  'Bun' is not defined                                                                                               no-undef
  2:923123   warning  'Rb' is a function                                                                                                 no-func-assign
  2:923780   warning  Do not access Object.prototype method 'hasOwnProperty' from target object                                          no-prototype-builtins
  2:924083   warning  Expected a conditional expression and instead saw an assignment                                                    no-cond-assign
  2:924842   warning  Do not access Object.prototype method 'hasOwnProperty' from target object                                          no-prototype-builtins
  2:934830   warning  'e' is defined but never used                                                                                      no-unused-vars
  2:943373   warning  Unnecessary escape character: \(                                                                                   no-useless-escape
  2:945958   warning  Unsafe usage of ThrowStatement                                                                                     no-unsafe-finally
  2:950655   warning  'v_' is a function                                                                                                 no-func-assign
  2:951377   warning  'k_' is a function                                                                                                 no-func-assign
  2:951570   warning  'r' is a function                                                                                                  no-func-assign
  2:956326   warning  Expected a conditional expression and instead saw an assignment                                                    no-cond-assign
  2:956868   warning  'Deno' is not defined                                                                                              no-undef
  2:956891   warning  'Deno' is not defined                                                                                              no-undef
  2:957902   warning  Empty block statement                                                                                              no-empty
  2:958479   warning  Expected a conditional expression and instead saw an assignment                                                    no-cond-assign
  2:958630   warning  Expected a conditional expression and instead saw an assignment                                                    no-cond-assign
  2:959827   warning  'e' is defined but never used                                                                                      no-unused-vars
  2:963446   warning  'h' is a function                                                                                                  no-func-assign
  2:963839   warning  'x' is a function                                                                                                  no-func-assign
  2:970026   warning  'regeneratorRuntime' is not defined                                                                                no-undef
  2:973618   warning  Expected a conditional expression and instead saw an assignment                                                    no-cond-assign
  2:982272   warning  Unsafe usage of ThrowStatement                                                                                     no-unsafe-finally
  2:982637   warning  Expected a 'break' statement before 'case'                                                                         no-fallthrough
  2:982819   warning  Expected a 'break' statement before 'case'                                                                         no-fallthrough
  2:983081   warning  Expected a 'break' statement before 'case'                                                                         no-fallthrough
  2:983263   warning  Expected a 'break' statement before 'case'                                                                         no-fallthrough
  2:983520   warning  Expected a 'break' statement before 'case'                                                                         no-fallthrough
  2:983691   warning  Expected a 'break' statement before 'case'                                                                         no-fallthrough
  2:983950   warning  Expected a 'break' statement before 'case'                                                                         no-fallthrough
  2:984121   warning  Expected a 'break' statement before 'case'                                                                         no-fallthrough
  2:985332   warning  Expected a 'break' statement before 'case'                                                                         no-fallthrough
  2:985543   warning  Expected a 'break' statement before 'case'                                                                         no-fallthrough
  2:986006   warning  Expected a 'break' statement before 'case'                                                                         no-fallthrough
  2:986193   warning  Expected a 'break' statement before 'case'                                                                         no-fallthrough
  2:988429   warning  Unsafe usage of ThrowStatement                                                                                     no-unsafe-finally
  2:995884   warning  Expected a 'break' statement before 'case'                                                                         no-fallthrough
  2:996086   warning  Expected a 'break' statement before 'case'                                                                         no-fallthrough
  2:997884   warning  Do not access Object.prototype method 'hasOwnProperty' from target object                                          no-prototype-builtins
  2:999080   warning  Do not access Object.prototype method 'propertyIsEnumerable' from target object                                    no-prototype-builtins
  2:1002508  warning  Empty block statement                                                                                              no-empty
  2:1003666  warning  Empty block statement                                                                                              no-empty
  2:1006092  warning  't' is defined but never used                                                                                      no-unused-vars
  2:1011271  warning  Empty block statement                                                                                              no-empty
  2:1012106  warning  'pL.get' is assigned to itself                                                                                     no-self-assign
  2:1012120  warning  'pL.has' is assigned to itself                                                                                     no-self-assign
  2:1012134  warning  'pL.set' is assigned to itself                                                                                     no-self-assign
  2:1013339  warning  'ActiveXObject' is not defined                                                                                     no-undef
  2:1013375  warning  Empty block statement                                                                                              no-empty
  2:1015063  warning  Empty block statement                                                                                              no-empty
  2:1015328  warning  Empty block statement                                                                                              no-empty
  2:1018325  warning  Empty block statement                                                                                              no-empty
  2:1018854  warning  Empty block statement                                                                                              no-empty
  2:1021137  warning  'e' is defined but never used                                                                                      no-unused-vars
  2:1026391  warning  'e' is defined but never used                                                                                      no-unused-vars
  2:1026393  warning  't' is defined but never used                                                                                      no-unused-vars
  2:1026395  warning  'n' is defined but never used                                                                                      no-unused-vars
  2:1029469  warning  'e' is defined but never used                                                                                      no-unused-vars
  2:1030459  warning  Empty block statement                                                                                              no-empty
  2:1030633  warning  Empty block statement                                                                                              no-empty
  2:1031063  warning  'WV' is a function                                                                                                 no-func-assign
  2:1034183  warning  Unsafe usage of ReturnStatement                                                                                    no-unsafe-finally
  2:1034203  warning  Unsafe usage of ThrowStatement                                                                                     no-unsafe-finally
  2:1037053  warning  'this.length' is assigned to itself                                                                                no-self-assign
  2:1039146  warning  Empty block statement                                                                                              no-empty
  2:1040895  warning  Unexpected control character(s) in regular expression: \x09, \x0a, \x0b, \x0c, \x0d                                no-control-regex
  2:1041036  warning  Unexpected control character(s) in regular expression: \x09, \x0a, \x0b, \x0c, \x0d, \x09, \x0a, \x0b, \x0c, \x0d  no-control-regex
  2:1043354  warning  'e' is defined but never used                                                                                      no-unused-vars
  2:1043356  warning  't' is defined but never used                                                                                      no-unused-vars
  2:1043358  warning  'n' is defined but never used                                                                                      no-unused-vars
  2:1043541  warning  'Bun' is not defined                                                                                               no-undef
  2:1043563  warning  'Bun' is not defined                                                                                               no-undef
  2:1044773  warning  'wG' is a function                                                                                                 no-func-assign
  2:1045430  warning  Do not access Object.prototype method 'hasOwnProperty' from target object                                          no-prototype-builtins
  2:1045733  warning  Expected a conditional expression and instead saw an assignment                                                    no-cond-assign
  2:1046492  warning  Do not access Object.prototype method 'hasOwnProperty' from target object                                          no-prototype-builtins
  2:1056480  warning  'e' is defined but never used                                                                                      no-unused-vars
  2:1065023  warning  Unnecessary escape character: \(                                                                                   no-useless-escape
  2:1067624  warning  Unsafe usage of ThrowStatement                                                                                     no-unsafe-finally
  2:1073263  warning  Expected a conditional expression and instead saw an assignment                                                    no-cond-assign
  2:1073362  warning  Expected a conditional expression and instead saw an assignment                                                    no-cond-assign
  2:1086888  warning  Empty block statement                                                                                              no-empty
  2:1087119  warning  Empty block statement                                                                                              no-empty
  2:1096203  warning  Empty block statement                                                                                              no-empty
  2:1108249  warning  Do not access Object.prototype method 'hasOwnProperty' from target object                                          no-prototype-builtins
  2:1109001  warning  Do not access Object.prototype method 'hasOwnProperty' from target object                                          no-prototype-builtins
  2:1115288  warning  Do not access Object.prototype method 'hasOwnProperty' from target object                                          no-prototype-builtins
  2:1134780  warning  Expected a conditional expression and instead saw an assignment                                                    no-cond-assign
  2:1159970  warning  'h5' is a function                                                                                                 no-func-assign
  2:1160812  warning  'x5' is a function                                                                                                 no-func-assign
  2:1170376  warning  'e' is defined but never used                                                                                      no-unused-vars
  2:1182683  warning  'e' is defined but never used                                                                                      no-unused-vars
  2:1200727  warning  Unsafe usage of ThrowStatement                                                                                     no-unsafe-finally
  2:1208211  warning  Expected a conditional expression and instead saw an assignment                                                    no-cond-assign
  2:1208736  warning  'M3' is a function                                                                                                 no-func-assign
  2:1208756  warning  'M3' is a function                                                                                                 no-func-assign
  2:1209087  warning  'e' is defined but never used                                                                                      no-unused-vars
  2:1209089  warning  't' is defined but never used                                                                                      no-unused-vars
  2:1214409  warning  'n' is defined but never used                                                                                      no-unused-vars
  2:1214411  warning  'r' is defined but never used                                                                                      no-unused-vars
  2:1214831  warning  'r' is defined but never used                                                                                      no-unused-vars
  2:1214833  warning  'i' is defined but never used                                                                                      no-unused-vars
  2:1316433  warning  Do not access Object.prototype method 'hasOwnProperty' from target object                                          no-prototype-builtins
  2:1316508  warning  Do not access Object.prototype method 'hasOwnProperty' from target object                                          no-prototype-builtins
  2:1324769  warning  Unsafe usage of ThrowStatement                                                                                     no-unsafe-finally
  2:1340262  warning  Unsafe usage of ThrowStatement                                                                                     no-unsafe-finally
  2:1343738  warning  Unsafe usage of ThrowStatement                                                                                     no-unsafe-finally
  2:1354571  warning  'process' is not defined                                                                                           no-undef
  2:1356014  warning  Expected a 'break' statement before 'case'                                                                         no-fallthrough
  2:1356035  warning  Expected a 'break' statement before 'case'                                                                         no-fallthrough
  2:1364699  warning  Unsafe usage of ThrowStatement                                                                                     no-unsafe-finally
  2:1365639  warning  Expected a conditional expression and instead saw an assignment                                                    no-cond-assign
  2:1386465  warning  Unsafe usage of ThrowStatement                                                                                     no-unsafe-finally
  2:1477184  warning  'b7' is a function                                                                                                 no-func-assign
  2:1488815  warning  Expected a 'break' statement before 'case'                                                                         no-fallthrough
  2:1489328  warning  Expected a 'break' statement before 'case'                                                                         no-fallthrough
  2:1489573  warning  Expected a 'break' statement before 'case'                                                                         no-fallthrough
  2:1489629  warning  Expected a 'break' statement before 'case'                                                                         no-fallthrough
  2:1489760  warning  Expected a 'break' statement before 'default'                                                                      no-fallthrough
  2:1490087  warning  Expected a 'break' statement before 'default'                                                                      no-fallthrough
  2:1491076  warning  Expected a 'break' statement before 'default'                                                                      no-fallthrough
  2:1491103  warning  Expected a conditional expression and instead saw an assignment                                                    no-cond-assign
  2:1493288  warning  Expected a 'break' statement before 'case'                                                                         no-fallthrough
  2:1493503  warning  Expected a 'break' statement before 'case'                                                                         no-fallthrough
  2:1494278  warning  Expected a conditional expression and instead saw an assignment                                                    no-cond-assign
  2:1498523  warning  Expected a 'break' statement before 'case'                                                                         no-fallthrough
  2:1498560  warning  Expected a 'break' statement before 'case'                                                                         no-fallthrough
  2:1507365  warning  'r' is defined but never used                                                                                      no-unused-vars
  2:1520295  warning  Do not access Object.prototype method 'hasOwnProperty' from target object                                          no-prototype-builtins
  2:1522072  warning  Do not access Object.prototype method 'hasOwnProperty' from target object                                          no-prototype-builtins
  2:1531111  warning  Empty block statement                                                                                              no-empty
  2:1531938  warning  'Nre' is a function                                                                                                no-func-assign
  2:1567837  warning  Expected a 'break' statement before 'case'                                                                         no-fallthrough
  2:1567880  warning  Expected a 'break' statement before 'case'                                                                         no-fallthrough
  2:1568086  warning  Expected a 'break' statement before 'case'                                                                         no-fallthrough
  2:1597697  warning  Do not access Object.prototype method 'hasOwnProperty' from target object                                          no-prototype-builtins
  2:1629994  warning  'e' is defined but never used                                                                                      no-unused-vars
  2:1657453  warning  'Eue' is a function                                                                                                no-func-assign

✖ 410 problems (0 errors, 410 warnings)
  0 errors and 1 warning potentially fixable with the `--fix` option.

